[backblue.gif]
[fade.gif]
[index.html]
[ip-tv.ro/assets/favicon.png]
[ip-tv.ro/_astro/index.BG9bOqAP.css]
[ip-tv.ro/canaletv.html]
[ip-tv.ro/pachete.html]
[ip-tv.ro/dispozitive.html]
[ip-tv.ro/cumsainstallez.html]
[ip-tv.ro/faq.html]
[ip-tv.ro/contact.html]
[ip-tv.ro/topzecedinromania.html]
[ip-tv.ro/iptv-romania-germania.html]
[ip-tv.ro/iptv-romania-spania.html]
[ip-tv.ro/iptv-romania-uk.html]
[ip-tv.ro/iptv-romania-franta.html]
[ip-tv.ro/termeni-conditii.html]
[ip-tv.ro/politica-confidentialitate.html]
[ip-tv.ro/assets/js/client-signals.js]
[ip-tv.ro/index.html]
[ip-tv.ro/_astro/index.BG9bOqAP.css]
[challenges.cloudflare.com/turnstile/v0/g/fc21b7e0d793/api.js]
[ip-tv.ro/_astro/canaletv.9sP0PPOt.css]
[ip-tv.ro/canaletv.html]
[ip-tv.ro/_astro/canaletv.astro_astro_type_script_index_0_lang.DxFQbR2P.js]
[cdnjs.cloudflare.com/ajax/libs/font-awesome/6.4.0/css/all.min.css]
[ip-tv.ro/pachete.html]
[ip-tv.ro/_astro/pachete.Dc9DRqRZ.css]
[ip-tv.ro/dispozitive.html]
[ip-tv.ro/_astro/dispozitive.FUHB-2lF.css]
[ip-tv.ro/cumsainstallez.html]
[ip-tv.ro/_astro/cumsainstallez.BjXF8CsA.css]
[ip-tv.ro/faq.html]
[ip-tv.ro/_astro/faq.D4OpihhY.css]
[ip-tv.ro/contact.html]
[ip-tv.ro/_astro/contact.wniessxF.css]
[ip-tv.ro/topzecedinromania.html]
[ip-tv.ro/_astro/topzecedinromania.CWdExjFn.css]
[ip-tv.ro/_astro/iptv-romania-germania.D11hXwZw.css]
[ip-tv.ro/iptv-romania-germania.html]
[ip-tv.ro/trial-gratuit.html]
[ip-tv.ro/iptv-romania-spania.html]
[ip-tv.ro/_astro/iptv-romania-spania.CPw8uGR6.css]
[ip-tv.ro/iptv-romania-uk.html]
[ip-tv.ro/_astro/iptv-romania-uk.CnmqQqzd.css]
[ip-tv.ro/iptv-romania-franta.html]
[ip-tv.ro/termeni-conditii.html]
[ip-tv.ro/_astro/iptv-romania-franta.qPEcImBG.css]
[ip-tv.ro/politica-confidentialitate.html]
[ip-tv.ro/_astro/canaletv.9sP0PPOt.css]
[cdnjs.cloudflare.com/ajax/libs/font-awesome/6.4.0/css/all.min.css]
[ip-tv.ro/_astro/pachete.Dc9DRqRZ.css]
[ip-tv.ro/_astro/dispozitive.FUHB-2lF.css]
[ip-tv.ro/_astro/cumsainstallez.BjXF8CsA.css]
[ip-tv.ro/_astro/faq.D4OpihhY.css]
[ip-tv.ro/_astro/contact.wniessxF.css]
[ip-tv.ro/_astro/topzecedinromania.CWdExjFn.css]
[ip-tv.ro/_astro/iptv-romania-germania.D11hXwZw.css]
[ip-tv.ro/_astro/politica-confidentialitate.BMYmOO5V.css]
[ip-tv.ro/trial-gratuit.html]
[ip-tv.ro/_astro/iptv-romania-spania.CPw8uGR6.css]
[ip-tv.ro/_astro/iptv-romania-uk.CnmqQqzd.css]
[ip-tv.ro/_astro/iptv-romania-franta.qPEcImBG.css]
[ip-tv.ro/_astro/politica-confidentialitate.BMYmOO5V.css]
[ip-tv.ro/_astro/trial-gratuit.5qZipLPd.css]
[ip-tv.ro/_astro/trial-gratuit.5qZipLPd.css]
